[0m14:57:57.157497 [debug] [MainThread]: Sending event: {'category': 'dbt', 'action': 'invocation', 'label': 'start', 'context': [<snowplow_tracker.self_describing_json.SelfDescribingJson object at 0x00000230F69A81A0>, <snowplow_tracker.self_describing_json.SelfDescribingJson object at 0x00000230F5F7FB00>, <snowplow_tracker.self_describing_json.SelfDescribingJson object at 0x00000230F65D1E80>]}


============================== 14:57:57.160512 | 34b56994-00ca-4669-b862-c9d42d204e08 ==============================
[0m14:57:57.160512 [info ] [MainThread]: Running with dbt=1.7.11
[0m14:57:57.161497 [debug] [MainThread]: running dbt with arguments {'printer_width': '80', 'indirect_selection': 'eager', 'log_cache_events': 'False', 'write_json': 'True', 'partial_parse': 'True', 'cache_selected_only': 'False', 'profiles_dir': 'C:\\Users\\misawa\\.dbt', 'fail_fast': 'False', 'debug': 'False', 'log_path': 'logs', 'warn_error': 'None', 'version_check': 'True', 'use_colors': 'True', 'use_experimental_parser': 'False', 'no_print': 'None', 'quiet': 'False', 'log_format': 'default', 'introspect': 'True', 'invocation_command': 'dbt debug', 'static_parser': 'True', 'target_path': 'None', 'warn_error_options': 'WarnErrorOptions(include=[], exclude=[])', 'send_anonymous_usage_stats': 'True'}
[0m14:57:57.163496 [info ] [MainThread]: dbt version: 1.7.11
[0m14:57:57.163496 [info ] [MainThread]: python version: 3.12.2
[0m14:57:57.164497 [info ] [MainThread]: python path: C:\Users\misawa\AppData\Local\Programs\Python\Python312\python.exe
[0m14:57:57.164497 [info ] [MainThread]: os info: Windows-10-10.0.19045-SP0
[0m14:57:57.395848 [info ] [MainThread]: Using profiles dir at C:\Users\misawa\.dbt
[0m14:57:57.396849 [info ] [MainThread]: Using profiles.yml file at C:\Users\misawa\.dbt\profiles.yml
[0m14:57:57.396849 [info ] [MainThread]: Using dbt_project.yml file at C:\Users\misawa\dagster_relation\dagster_project1\dbt_project.yml
[0m14:57:57.398849 [info ] [MainThread]: adapter type: snowflake
[0m14:57:57.398849 [info ] [MainThread]: adapter version: 1.7.3
[0m14:57:57.399848 [info ] [MainThread]: Configuration:
[0m14:57:57.400849 [info ] [MainThread]:   profiles.yml file [[32mOK found and valid[0m]
[0m14:57:57.401848 [info ] [MainThread]:   dbt_project.yml file [[31mERROR not found[0m]
[0m14:57:57.401848 [info ] [MainThread]: Required dependencies:
[0m14:57:57.402849 [debug] [MainThread]: Executing "git --help"
[0m14:57:57.431849 [debug] [MainThread]: STDOUT: "b"usage: git [-v | --version] [-h | --help] [-C <path>] [-c <name>=<value>]\n           [--exec-path[=<path>]] [--html-path] [--man-path] [--info-path]\n           [-p | --paginate | -P | --no-pager] [--no-replace-objects] [--bare]\n           [--git-dir=<path>] [--work-tree=<path>] [--namespace=<name>]\n           [--config-env=<name>=<envvar>] <command> [<args>]\n\nThese are common Git commands used in various situations:\n\nstart a working area (see also: git help tutorial)\n   clone     Clone a repository into a new directory\n   init      Create an empty Git repository or reinitialize an existing one\n\nwork on the current change (see also: git help everyday)\n   add       Add file contents to the index\n   mv        Move or rename a file, a directory, or a symlink\n   restore   Restore working tree files\n   rm        Remove files from the working tree and from the index\n\nexamine the history and state (see also: git help revisions)\n   bisect    Use binary search to find the commit that introduced a bug\n   diff      Show changes between commits, commit and working tree, etc\n   grep      Print lines matching a pattern\n   log       Show commit logs\n   show      Show various types of objects\n   status    Show the working tree status\n\ngrow, mark and tweak your common history\n   branch    List, create, or delete branches\n   commit    Record changes to the repository\n   merge     Join two or more development histories together\n   rebase    Reapply commits on top of another base tip\n   reset     Reset current HEAD to the specified state\n   switch    Switch branches\n   tag       Create, list, delete or verify a tag object signed with GPG\n\ncollaborate (see also: git help workflows)\n   fetch     Download objects and refs from another repository\n   pull      Fetch from and integrate with another repository or a local branch\n   push      Update remote refs along with associated objects\n\n'git help -a' and 'git help -g' list available subcommands and some\nconcept guides. See 'git help <command>' or 'git help <concept>'\nto read about a specific subcommand or concept.\nSee 'git help git' for an overview of the system.\n""
[0m14:57:57.432864 [debug] [MainThread]: STDERR: "b''"
[0m14:57:57.432864 [info ] [MainThread]:  - git [[32mOK found[0m]

[0m14:57:57.433848 [info ] [MainThread]: Connection:
[0m14:57:57.433848 [info ] [MainThread]:   account: nw21470.ap-northeast-1.aws
[0m14:57:57.434849 [info ] [MainThread]:   user: dapj1.shuntaro.misawa
[0m14:57:57.434849 [info ] [MainThread]:   database: EDP_INFRA_SANDBOX_DB
[0m14:57:57.435849 [info ] [MainThread]:   warehouse: EDP_INFRA_SANDBOX_WH
[0m14:57:57.436357 [info ] [MainThread]:   role: EDP_INFRA_SANDBOX_JDBC
[0m14:57:57.436357 [info ] [MainThread]:   schema: PUBLIC
[0m14:57:57.437380 [info ] [MainThread]:   authenticator: None
[0m14:57:57.437380 [info ] [MainThread]:   oauth_client_id: None
[0m14:57:57.437380 [info ] [MainThread]:   query_tag: None
[0m14:57:57.438377 [info ] [MainThread]:   client_session_keep_alive: False
[0m14:57:57.439378 [info ] [MainThread]:   host: None
[0m14:57:57.439378 [info ] [MainThread]:   port: None
[0m14:57:57.440378 [info ] [MainThread]:   proxy_host: None
[0m14:57:57.440378 [info ] [MainThread]:   proxy_port: None
[0m14:57:57.441380 [info ] [MainThread]:   protocol: None
[0m14:57:57.441380 [info ] [MainThread]:   connect_retries: 1
[0m14:57:57.442378 [info ] [MainThread]:   connect_timeout: None
[0m14:57:57.442378 [info ] [MainThread]:   retry_on_database_errors: False
[0m14:57:57.443378 [info ] [MainThread]:   retry_all: False
[0m14:57:57.443378 [info ] [MainThread]:   insecure_mode: False
[0m14:57:57.443378 [info ] [MainThread]:   reuse_connections: None
[0m14:57:57.444378 [info ] [MainThread]: Registered adapter: snowflake=1.7.3
[0m14:57:57.445378 [debug] [MainThread]: Acquiring new snowflake connection 'debug'
[0m14:57:57.445378 [debug] [MainThread]: Using snowflake connection "debug"
[0m14:57:57.446377 [debug] [MainThread]: On debug: select 1 as id
[0m14:57:57.446377 [debug] [MainThread]: Opening a new connection, currently in state init
[0m14:59:39.089596 [error] [MainThread]: Encountered an error:

[0m14:59:39.138340 [error] [MainThread]: Traceback (most recent call last):
  File "C:\Users\misawa\AppData\Local\Programs\Python\Python312\Lib\site-packages\dbt\cli\requires.py", line 91, in wrapper
    result, success = func(*args, **kwargs)
                      ^^^^^^^^^^^^^^^^^^^^^
  File "C:\Users\misawa\AppData\Local\Programs\Python\Python312\Lib\site-packages\dbt\cli\requires.py", line 76, in wrapper
    return func(*args, **kwargs)
           ^^^^^^^^^^^^^^^^^^^^^
  File "C:\Users\misawa\AppData\Local\Programs\Python\Python312\Lib\site-packages\dbt\cli\main.py", line 444, in debug
    results = task.run()
              ^^^^^^^^^^
  File "C:\Users\misawa\AppData\Local\Programs\Python\Python312\Lib\site-packages\dbt\task\debug.py", line 153, in run
    connection_status = self.test_connection()
                        ^^^^^^^^^^^^^^^^^^^^^^
  File "C:\Users\misawa\AppData\Local\Programs\Python\Python312\Lib\site-packages\dbt\task\debug.py", line 472, in test_connection
    connection_result = self.attempt_connection(self.profile)
                        ^^^^^^^^^^^^^^^^^^^^^^^^^^^^^^^^^^^^^
  File "C:\Users\misawa\AppData\Local\Programs\Python\Python312\Lib\site-packages\dbt\task\debug.py", line 450, in attempt_connection
    adapter.debug_query()
  File "C:\Users\misawa\AppData\Local\Programs\Python\Python312\Lib\site-packages\dbt\adapters\snowflake\impl.py", line 272, in debug_query
    self.execute("select 1 as id")
  File "C:\Users\misawa\AppData\Local\Programs\Python\Python312\Lib\site-packages\dbt\adapters\base\impl.py", line 310, in execute
    return self.connections.execute(sql=sql, auto_begin=auto_begin, fetch=fetch, limit=limit)
           ^^^^^^^^^^^^^^^^^^^^^^^^^^^^^^^^^^^^^^^^^^^^^^^^^^^^^^^^^^^^^^^^^^^^^^^^^^^^^^^^^^
  File "C:\Users\misawa\AppData\Local\Programs\Python\Python312\Lib\site-packages\dbt\adapters\snowflake\connections.py", line 472, in execute
    _, cursor = self.add_query(sql, auto_begin)
                ^^^^^^^^^^^^^^^^^^^^^^^^^^^^^^^
  File "C:\Users\misawa\AppData\Local\Programs\Python\Python312\Lib\site-packages\dbt\adapters\snowflake\connections.py", line 507, in add_query
    connection, cursor = self._add_standard_queries(
                         ^^^^^^^^^^^^^^^^^^^^^^^^^^^
  File "C:\Users\misawa\AppData\Local\Programs\Python\Python312\Lib\site-packages\dbt\adapters\snowflake\connections.py", line 563, in _add_standard_queries
    connection, cursor = self.add_standard_query(query, **kwargs)
                         ^^^^^^^^^^^^^^^^^^^^^^^^^^^^^^^^^^^^^^^^
  File "C:\Users\misawa\AppData\Local\Programs\Python\Python312\Lib\site-packages\dbt\adapters\snowflake\connections.py", line 483, in add_standard_query
    return super().add_query(self._add_query_comment(sql), **kwargs)
           ^^^^^^^^^^^^^^^^^^^^^^^^^^^^^^^^^^^^^^^^^^^^^^^^^^^^^^^^^
  File "C:\Users\misawa\AppData\Local\Programs\Python\Python312\Lib\site-packages\dbt\adapters\sql\connections.py", line 79, in add_query
    cursor = connection.handle.cursor()
             ^^^^^^^^^^^^^^^^^
  File "C:\Users\misawa\AppData\Local\Programs\Python\Python312\Lib\site-packages\dbt\contracts\connection.py", line 90, in handle
    self._handle.resolve(self)
  File "C:\Users\misawa\AppData\Local\Programs\Python\Python312\Lib\site-packages\dbt\contracts\connection.py", line 114, in resolve
    return self.opener(connection)
           ^^^^^^^^^^^^^^^^^^^^^^^
  File "C:\Users\misawa\AppData\Local\Programs\Python\Python312\Lib\site-packages\dbt\adapters\snowflake\connections.py", line 383, in open
    return cls.retry_connection(
           ^^^^^^^^^^^^^^^^^^^^^
  File "C:\Users\misawa\AppData\Local\Programs\Python\Python312\Lib\site-packages\dbt\adapters\base\connections.py", line 241, in retry_connection
    connection.handle = connect()
                        ^^^^^^^^^
  File "C:\Users\misawa\AppData\Local\Programs\Python\Python312\Lib\site-packages\dbt\adapters\snowflake\connections.py", line 347, in connect
    handle = snowflake.connector.connect(
             ^^^^^^^^^^^^^^^^^^^^^^^^^^^^
  File "C:\Users\misawa\AppData\Local\Programs\Python\Python312\Lib\site-packages\snowflake\connector\__init__.py", line 54, in Connect
    return SnowflakeConnection(**kwargs)
           ^^^^^^^^^^^^^^^^^^^^^^^^^^^^^
  File "C:\Users\misawa\AppData\Local\Programs\Python\Python312\Lib\site-packages\snowflake\connector\connection.py", line 429, in __init__
    self.connect(**kwargs)
  File "C:\Users\misawa\AppData\Local\Programs\Python\Python312\Lib\site-packages\snowflake\connector\connection.py", line 719, in connect
    self.__open_connection()
  File "C:\Users\misawa\AppData\Local\Programs\Python\Python312\Lib\site-packages\snowflake\connector\connection.py", line 1045, in __open_connection
    self.authenticate_with_retry(self.auth_class)
  File "C:\Users\misawa\AppData\Local\Programs\Python\Python312\Lib\site-packages\snowflake\connector\connection.py", line 1317, in authenticate_with_retry
    self._authenticate(auth_instance)
  File "C:\Users\misawa\AppData\Local\Programs\Python\Python312\Lib\site-packages\snowflake\connector\connection.py", line 1373, in _authenticate
    auth.authenticate(
  File "C:\Users\misawa\AppData\Local\Programs\Python\Python312\Lib\site-packages\snowflake\connector\auth\_auth.py", line 250, in authenticate
    ret = self._rest._post_request(
          ^^^^^^^^^^^^^^^^^^^^^^^^^
  File "C:\Users\misawa\AppData\Local\Programs\Python\Python312\Lib\site-packages\snowflake\connector\network.py", line 734, in _post_request
    ret = self.fetch(
          ^^^^^^^^^^^
  File "C:\Users\misawa\AppData\Local\Programs\Python\Python312\Lib\site-packages\snowflake\connector\network.py", line 843, in fetch
    ret = self._request_exec_wrapper(
          ^^^^^^^^^^^^^^^^^^^^^^^^^^^
  File "C:\Users\misawa\AppData\Local\Programs\Python\Python312\Lib\site-packages\snowflake\connector\network.py", line 884, in _request_exec_wrapper
    return_object = self._request_exec(
                    ^^^^^^^^^^^^^^^^^^^
  File "C:\Users\misawa\AppData\Local\Programs\Python\Python312\Lib\site-packages\snowflake\connector\network.py", line 1078, in _request_exec
    raw_ret = session.request(
              ^^^^^^^^^^^^^^^^
  File "C:\Users\misawa\AppData\Local\Programs\Python\Python312\Lib\site-packages\snowflake\connector\vendored\requests\sessions.py", line 589, in request
    resp = self.send(prep, **send_kwargs)
           ^^^^^^^^^^^^^^^^^^^^^^^^^^^^^^
  File "C:\Users\misawa\AppData\Local\Programs\Python\Python312\Lib\site-packages\snowflake\connector\vendored\requests\sessions.py", line 703, in send
    r = adapter.send(request, **kwargs)
        ^^^^^^^^^^^^^^^^^^^^^^^^^^^^^^^
  File "C:\Users\misawa\AppData\Local\Programs\Python\Python312\Lib\site-packages\snowflake\connector\vendored\requests\adapters.py", line 486, in send
    resp = conn.urlopen(
           ^^^^^^^^^^^^^
  File "C:\Users\misawa\AppData\Local\Programs\Python\Python312\Lib\site-packages\snowflake\connector\vendored\urllib3\connectionpool.py", line 715, in urlopen
    httplib_response = self._make_request(
                       ^^^^^^^^^^^^^^^^^^^
  File "C:\Users\misawa\AppData\Local\Programs\Python\Python312\Lib\site-packages\snowflake\connector\vendored\urllib3\connectionpool.py", line 467, in _make_request
    six.raise_from(e, None)
  File "<string>", line 3, in raise_from
  File "C:\Users\misawa\AppData\Local\Programs\Python\Python312\Lib\site-packages\snowflake\connector\vendored\urllib3\connectionpool.py", line 462, in _make_request
    httplib_response = conn.getresponse()
                       ^^^^^^^^^^^^^^^^^^
  File "C:\Users\misawa\AppData\Local\Programs\Python\Python312\Lib\http\client.py", line 1423, in getresponse
    response.begin()
  File "C:\Users\misawa\AppData\Local\Programs\Python\Python312\Lib\http\client.py", line 331, in begin
    version, status, reason = self._read_status()
                              ^^^^^^^^^^^^^^^^^^^
  File "C:\Users\misawa\AppData\Local\Programs\Python\Python312\Lib\http\client.py", line 292, in _read_status
    line = str(self.fp.readline(_MAXLINE + 1), "iso-8859-1")
               ^^^^^^^^^^^^^^^^^^^^^^^^^^^^^^
  File "C:\Users\misawa\AppData\Local\Programs\Python\Python312\Lib\socket.py", line 707, in readinto
    return self._sock.recv_into(b)
           ^^^^^^^^^^^^^^^^^^^^^^^
  File "C:\Users\misawa\AppData\Local\Programs\Python\Python312\Lib\site-packages\snowflake\connector\vendored\urllib3\contrib\pyopenssl.py", line 330, in recv_into
    if not util.wait_for_read(self.socket, self.socket.gettimeout()):
           ^^^^^^^^^^^^^^^^^^^^^^^^^^^^^^^^^^^^^^^^^^^^^^^^^^^^^^^^^
  File "C:\Users\misawa\AppData\Local\Programs\Python\Python312\Lib\site-packages\snowflake\connector\vendored\urllib3\util\wait.py", line 145, in wait_for_read
    return wait_for_socket(sock, read=True, timeout=timeout)
           ^^^^^^^^^^^^^^^^^^^^^^^^^^^^^^^^^^^^^^^^^^^^^^^^^
  File "C:\Users\misawa\AppData\Local\Programs\Python\Python312\Lib\site-packages\snowflake\connector\vendored\urllib3\util\wait.py", line 85, in select_wait_for_socket
    rready, wready, xready = _retry_on_intr(fn, timeout)
                             ^^^^^^^^^^^^^^^^^^^^^^^^^^^
  File "C:\Users\misawa\AppData\Local\Programs\Python\Python312\Lib\site-packages\snowflake\connector\vendored\urllib3\util\wait.py", line 43, in _retry_on_intr
    return fn(timeout)
           ^^^^^^^^^^^
KeyboardInterrupt

[0m14:59:39.158923 [debug] [MainThread]: Command `dbt debug` failed at 14:59:39.158592 after 102.08 seconds
[0m14:59:39.158923 [debug] [MainThread]: Connection 'debug' was properly closed.
[0m14:59:39.158923 [debug] [MainThread]: Sending event: {'category': 'dbt', 'action': 'invocation', 'label': 'end', 'context': [<snowplow_tracker.self_describing_json.SelfDescribingJson object at 0x00000230F66ECCE0>, <snowplow_tracker.self_describing_json.SelfDescribingJson object at 0x00000230F69A81A0>, <snowplow_tracker.self_describing_json.SelfDescribingJson object at 0x00000230F788B500>]}
[0m14:59:39.158923 [debug] [MainThread]: Flushing usage events
[0m15:00:25.728044 [debug] [MainThread]: Sending event: {'category': 'dbt', 'action': 'invocation', 'label': 'start', 'context': [<snowplow_tracker.self_describing_json.SelfDescribingJson object at 0x0000028BCDA88650>, <snowplow_tracker.self_describing_json.SelfDescribingJson object at 0x0000028BCD5D2030>, <snowplow_tracker.self_describing_json.SelfDescribingJson object at 0x0000028BCABD80E0>]}


============================== 15:00:25.728044 | c01e0285-e01b-4401-8708-debf138d0acd ==============================
[0m15:00:25.728044 [info ] [MainThread]: Running with dbt=1.7.11
[0m15:00:25.728044 [debug] [MainThread]: running dbt with arguments {'printer_width': '80', 'indirect_selection': 'eager', 'log_cache_events': 'False', 'write_json': 'True', 'partial_parse': 'True', 'cache_selected_only': 'False', 'profiles_dir': 'C:\\Users\\misawa\\.dbt', 'debug': 'False', 'fail_fast': 'False', 'log_path': 'logs', 'version_check': 'True', 'warn_error': 'None', 'use_colors': 'True', 'use_experimental_parser': 'False', 'no_print': 'None', 'quiet': 'False', 'warn_error_options': 'WarnErrorOptions(include=[], exclude=[])', 'static_parser': 'True', 'log_format': 'default', 'invocation_command': 'dbt init dagster_dbt', 'target_path': 'None', 'introspect': 'True', 'send_anonymous_usage_stats': 'True'}
[0m15:00:25.728044 [debug] [MainThread]: Starter project path: C:\Users\misawa\AppData\Local\Programs\Python\Python312\Lib\site-packages\dbt\include\starter_project
[0m15:00:25.743674 [info ] [MainThread]: 
Your new dbt project "dagster_dbt" was created!

For more information on how to configure the profiles.yml file,
please consult the dbt documentation here:

  https://docs.getdbt.com/docs/configure-your-profile

One more thing:

Need help? Don't hesitate to reach out to us via GitHub issues or on Slack:

  https://community.getdbt.com/

Happy modeling!

[0m15:00:25.745378 [info ] [MainThread]: Setting up your profile.
[0m15:00:51.364741 [info ] [MainThread]: Profile dagster_dbt written to C:\Users\misawa\.dbt\profiles.yml using target's profile_template.yml and your supplied values. Run 'dbt debug' to validate the connection.
[0m15:00:51.375470 [debug] [MainThread]: Command `dbt init` succeeded at 15:00:51.374887 after 25.73 seconds
[0m15:00:51.376799 [debug] [MainThread]: Sending event: {'category': 'dbt', 'action': 'invocation', 'label': 'end', 'context': [<snowplow_tracker.self_describing_json.SelfDescribingJson object at 0x0000028BCCF89A30>, <snowplow_tracker.self_describing_json.SelfDescribingJson object at 0x0000028BCD63CAD0>, <snowplow_tracker.self_describing_json.SelfDescribingJson object at 0x0000028BCE577140>]}
[0m15:00:51.377800 [debug] [MainThread]: Flushing usage events
[0m15:01:40.315651 [debug] [MainThread]: Sending event: {'category': 'dbt', 'action': 'invocation', 'label': 'start', 'context': [<snowplow_tracker.self_describing_json.SelfDescribingJson object at 0x00000222E95BA420>, <snowplow_tracker.self_describing_json.SelfDescribingJson object at 0x00000222E95B8A10>, <snowplow_tracker.self_describing_json.SelfDescribingJson object at 0x00000222E95B8C50>]}


============================== 15:01:40.319664 | e6585995-64d7-46d2-894b-89d1d50bd9a5 ==============================
[0m15:01:40.319664 [info ] [MainThread]: Running with dbt=1.7.11
[0m15:01:40.320651 [debug] [MainThread]: running dbt with arguments {'printer_width': '80', 'indirect_selection': 'eager', 'log_cache_events': 'False', 'write_json': 'True', 'partial_parse': 'True', 'cache_selected_only': 'False', 'profiles_dir': 'C:\\Users\\misawa\\.dbt', 'fail_fast': 'False', 'version_check': 'True', 'log_path': 'logs', 'debug': 'False', 'warn_error': 'None', 'use_colors': 'True', 'use_experimental_parser': 'False', 'no_print': 'None', 'quiet': 'False', 'warn_error_options': 'WarnErrorOptions(include=[], exclude=[])', 'static_parser': 'True', 'log_format': 'default', 'introspect': 'True', 'target_path': 'None', 'invocation_command': 'dbt debug', 'send_anonymous_usage_stats': 'True'}
[0m15:01:40.320651 [info ] [MainThread]: dbt version: 1.7.11
[0m15:01:40.321659 [info ] [MainThread]: python version: 3.12.2
[0m15:01:40.321659 [info ] [MainThread]: python path: C:\Users\misawa\AppData\Local\Programs\Python\Python312\python.exe
[0m15:01:40.322651 [info ] [MainThread]: os info: Windows-10-10.0.19045-SP0
[0m15:01:40.544643 [info ] [MainThread]: Using profiles dir at C:\Users\misawa\.dbt
[0m15:01:40.544643 [info ] [MainThread]: Using profiles.yml file at C:\Users\misawa\.dbt\profiles.yml
[0m15:01:40.560167 [info ] [MainThread]: Using dbt_project.yml file at C:\Users\misawa\dagster_relation\dagster_project1\dbt_project.yml
[0m15:01:40.560167 [error] [MainThread]: Encountered an error:
Internal Error
  Profile should not be None if loading profile completed
[0m15:01:40.560167 [debug] [MainThread]: Command `dbt debug` failed at 15:01:40.560167 after 0.36 seconds
[0m15:01:40.560167 [debug] [MainThread]: Sending event: {'category': 'dbt', 'action': 'invocation', 'label': 'end', 'context': [<snowplow_tracker.self_describing_json.SelfDescribingJson object at 0x00000222E92ABE00>, <snowplow_tracker.self_describing_json.SelfDescribingJson object at 0x00000222E9592720>, <snowplow_tracker.self_describing_json.SelfDescribingJson object at 0x00000222EA128D70>]}
[0m15:01:40.560167 [debug] [MainThread]: Flushing usage events
