[0m13:36:31.218987 [debug] [MainThread]: Sending event: {'category': 'dbt', 'action': 'invocation', 'label': 'start', 'context': [<snowplow_tracker.self_describing_json.SelfDescribingJson object at 0x0000016836AE2F20>, <snowplow_tracker.self_describing_json.SelfDescribingJson object at 0x0000016839545F00>, <snowplow_tracker.self_describing_json.SelfDescribingJson object at 0x0000016839545D80>]}


============================== 13:36:31.234528 | 49f65bee-0591-48c7-872f-c293c8e4ff3b ==============================
[0m13:36:31.234528 [info ] [MainThread]: Running with dbt=1.7.10
[0m13:36:31.250174 [debug] [MainThread]: running dbt with arguments {'printer_width': '80', 'indirect_selection': 'eager', 'write_json': 'True', 'log_cache_events': 'False', 'partial_parse': 'True', 'cache_selected_only': 'False', 'profiles_dir': 'D:\\Users\\da-misawa-04.00\\dagster\\da-dxpf-edp-dagster-edp_infra_ope-sample\\da_dxpf_edp_dagster_edp_infra_ope_sample01\\dagster_dbt', 'debug': 'False', 'version_check': 'True', 'log_path': 'D:\\Users\\da-misawa-04.00\\dagster\\da-dxpf-edp-dagster-edp_infra_ope-sample\\da_dxpf_edp_dagster_edp_infra_ope_sample01\\dagster_dbt\\logs', 'fail_fast': 'False', 'warn_error': 'None', 'use_colors': 'True', 'use_experimental_parser': 'False', 'no_print': 'None', 'quiet': 'False', 'warn_error_options': 'WarnErrorOptions(include=[], exclude=[])', 'introspect': 'True', 'invocation_command': 'dbt compile', 'static_parser': 'True', 'target_path': 'None', 'log_format': 'default', 'send_anonymous_usage_stats': 'True'}
[0m13:36:34.900183 [debug] [MainThread]: Sending event: {'category': 'dbt', 'action': 'project_id', 'label': '49f65bee-0591-48c7-872f-c293c8e4ff3b', 'context': [<snowplow_tracker.self_describing_json.SelfDescribingJson object at 0x0000016839545E10>]}
[0m13:36:35.165788 [debug] [MainThread]: Sending event: {'category': 'dbt', 'action': 'adapter_info', 'label': '49f65bee-0591-48c7-872f-c293c8e4ff3b', 'context': [<snowplow_tracker.self_describing_json.SelfDescribingJson object at 0x0000016839511300>]}
[0m13:36:35.181605 [info ] [MainThread]: Registered adapter: snowflake=1.7.1
[0m13:36:35.212618 [debug] [MainThread]: checksum: b88efa780424265bbbd676e971356ada6a7ea9debd0a80a519a6d2707465340d, vars: {}, profile: , target: , version: 1.7.10
[0m13:36:35.212618 [info ] [MainThread]: Unable to do partial parsing because saved manifest not found. Starting full parse.
[0m13:36:35.212618 [debug] [MainThread]: Sending event: {'category': 'dbt', 'action': 'partial_parser', 'label': '49f65bee-0591-48c7-872f-c293c8e4ff3b', 'context': [<snowplow_tracker.self_describing_json.SelfDescribingJson object at 0x0000016839D146A0>]}
[0m13:36:37.384998 [debug] [MainThread]: Sending event: {'category': 'dbt', 'action': 'load_project', 'label': '49f65bee-0591-48c7-872f-c293c8e4ff3b', 'context': [<snowplow_tracker.self_describing_json.SelfDescribingJson object at 0x0000016839FB58A0>]}
[0m13:36:37.431446 [debug] [MainThread]: Sending event: {'category': 'dbt', 'action': 'resource_counts', 'label': '49f65bee-0591-48c7-872f-c293c8e4ff3b', 'context': [<snowplow_tracker.self_describing_json.SelfDescribingJson object at 0x0000016839FB7340>]}
[0m13:36:37.431446 [info ] [MainThread]: Found 7 models, 4 sources, 0 exposures, 0 metrics, 430 macros, 5 groups, 0 semantic models
[0m13:36:37.447030 [debug] [MainThread]: Sending event: {'category': 'dbt', 'action': 'runnable_timing', 'label': '49f65bee-0591-48c7-872f-c293c8e4ff3b', 'context': [<snowplow_tracker.self_describing_json.SelfDescribingJson object at 0x0000016839D14F10>]}
[0m13:36:37.447030 [info ] [MainThread]: 
[0m13:36:37.447030 [debug] [MainThread]: Acquiring new snowflake connection 'master'
[0m13:36:37.447030 [debug] [ThreadPool]: Acquiring new snowflake connection 'list_EDP_INFRA_SANDBOX_DB_PUBLIC'
[0m13:36:37.478266 [debug] [ThreadPool]: Using snowflake connection "list_EDP_INFRA_SANDBOX_DB_PUBLIC"
[0m13:36:37.478266 [debug] [ThreadPool]: On list_EDP_INFRA_SANDBOX_DB_PUBLIC: /* {"app": "dbt", "dbt_version": "1.7.10", "profile_name": "dagster_dbt", "target_name": "LOCAL", "connection_name": "list_EDP_INFRA_SANDBOX_DB_PUBLIC"} */
show terse objects in EDP_INFRA_SANDBOX_DB.PUBLIC limit 10000
[0m13:36:37.478266 [debug] [ThreadPool]: Opening a new connection, currently in state init
[0m13:36:38.711646 [debug] [ThreadPool]: SQL status: SUCCESS 21 in 1.0 seconds
[0m13:36:38.727241 [debug] [ThreadPool]: On list_EDP_INFRA_SANDBOX_DB_PUBLIC: Close
[0m13:36:38.821281 [debug] [MainThread]: Sending event: {'category': 'dbt', 'action': 'runnable_timing', 'label': '49f65bee-0591-48c7-872f-c293c8e4ff3b', 'context': [<snowplow_tracker.self_describing_json.SelfDescribingJson object at 0x000001683A1E8B50>]}
[0m13:36:38.821281 [info ] [MainThread]: Concurrency: 1 threads (target='LOCAL')
[0m13:36:38.821281 [info ] [MainThread]: 
[0m13:36:38.836713 [debug] [Thread-1 (]: Began running node model.dagster_dbt.my_fifth_dbt_model
[0m13:36:38.836713 [debug] [Thread-1 (]: Acquiring new snowflake connection 'model.dagster_dbt.my_fifth_dbt_model'
[0m13:36:38.836713 [debug] [Thread-1 (]: Began compiling node model.dagster_dbt.my_fifth_dbt_model
[0m13:36:38.852310 [debug] [Thread-1 (]: Writing injected SQL for node "model.dagster_dbt.my_fifth_dbt_model"
[0m13:36:38.867878 [debug] [Thread-1 (]: Timing info for model.dagster_dbt.my_fifth_dbt_model (compile): 13:36:38.836713 => 13:36:38.867878
[0m13:36:38.867878 [debug] [Thread-1 (]: Began executing node model.dagster_dbt.my_fifth_dbt_model
[0m13:36:38.867878 [debug] [Thread-1 (]: Timing info for model.dagster_dbt.my_fifth_dbt_model (execute): 13:36:38.867878 => 13:36:38.867878
[0m13:36:38.867878 [debug] [Thread-1 (]: Finished running node model.dagster_dbt.my_fifth_dbt_model
[0m13:36:38.867878 [debug] [Thread-1 (]: Began running node model.dagster_dbt.my_first_dbt_model
[0m13:36:38.867878 [debug] [Thread-1 (]: Re-using an available connection from the pool (formerly model.dagster_dbt.my_fifth_dbt_model, now model.dagster_dbt.my_first_dbt_model)
[0m13:36:38.867878 [debug] [Thread-1 (]: Began compiling node model.dagster_dbt.my_first_dbt_model
[0m13:36:38.883521 [debug] [Thread-1 (]: Writing injected SQL for node "model.dagster_dbt.my_first_dbt_model"
[0m13:36:38.883521 [debug] [Thread-1 (]: Timing info for model.dagster_dbt.my_first_dbt_model (compile): 13:36:38.867878 => 13:36:38.883521
[0m13:36:38.883521 [debug] [Thread-1 (]: Began executing node model.dagster_dbt.my_first_dbt_model
[0m13:36:38.883521 [debug] [Thread-1 (]: Timing info for model.dagster_dbt.my_first_dbt_model (execute): 13:36:38.883521 => 13:36:38.883521
[0m13:36:38.899146 [debug] [Thread-1 (]: Finished running node model.dagster_dbt.my_first_dbt_model
[0m13:36:38.899146 [debug] [Thread-1 (]: Began running node model.dagster_dbt.my_seventh_dbt_model
[0m13:36:38.899146 [debug] [Thread-1 (]: Re-using an available connection from the pool (formerly model.dagster_dbt.my_first_dbt_model, now model.dagster_dbt.my_seventh_dbt_model)
[0m13:36:38.899146 [debug] [Thread-1 (]: Began compiling node model.dagster_dbt.my_seventh_dbt_model
[0m13:36:38.914768 [debug] [Thread-1 (]: Writing injected SQL for node "model.dagster_dbt.my_seventh_dbt_model"
[0m13:36:38.914768 [debug] [Thread-1 (]: Timing info for model.dagster_dbt.my_seventh_dbt_model (compile): 13:36:38.899146 => 13:36:38.914768
[0m13:36:38.930392 [debug] [Thread-1 (]: Began executing node model.dagster_dbt.my_seventh_dbt_model
[0m13:36:38.930392 [debug] [Thread-1 (]: Timing info for model.dagster_dbt.my_seventh_dbt_model (execute): 13:36:38.930392 => 13:36:38.930392
[0m13:36:38.930392 [debug] [Thread-1 (]: Finished running node model.dagster_dbt.my_seventh_dbt_model
[0m13:36:38.930392 [debug] [Thread-1 (]: Began running node model.dagster_dbt.my_third_dbt_model
[0m13:36:38.930392 [debug] [Thread-1 (]: Re-using an available connection from the pool (formerly model.dagster_dbt.my_seventh_dbt_model, now model.dagster_dbt.my_third_dbt_model)
[0m13:36:38.930392 [debug] [Thread-1 (]: Began compiling node model.dagster_dbt.my_third_dbt_model
[0m13:36:38.950883 [debug] [Thread-1 (]: Writing injected SQL for node "model.dagster_dbt.my_third_dbt_model"
[0m13:36:38.977421 [debug] [Thread-1 (]: Timing info for model.dagster_dbt.my_third_dbt_model (compile): 13:36:38.930392 => 13:36:38.961805
[0m13:36:38.992897 [debug] [Thread-1 (]: Began executing node model.dagster_dbt.my_third_dbt_model
[0m13:36:38.992897 [debug] [Thread-1 (]: Timing info for model.dagster_dbt.my_third_dbt_model (execute): 13:36:38.992897 => 13:36:38.992897
[0m13:36:39.008523 [debug] [Thread-1 (]: Finished running node model.dagster_dbt.my_third_dbt_model
[0m13:36:39.008523 [debug] [Thread-1 (]: Began running node model.dagster_dbt.snowflake_connect
[0m13:36:39.008523 [debug] [Thread-1 (]: Re-using an available connection from the pool (formerly model.dagster_dbt.my_third_dbt_model, now model.dagster_dbt.snowflake_connect)
[0m13:36:39.008523 [debug] [Thread-1 (]: Began compiling node model.dagster_dbt.snowflake_connect
[0m13:36:39.024218 [debug] [Thread-1 (]: Writing injected SQL for node "model.dagster_dbt.snowflake_connect"
[0m13:36:39.024218 [debug] [Thread-1 (]: Timing info for model.dagster_dbt.snowflake_connect (compile): 13:36:39.008523 => 13:36:39.024218
[0m13:36:39.024218 [debug] [Thread-1 (]: Began executing node model.dagster_dbt.snowflake_connect
[0m13:36:39.039764 [debug] [Thread-1 (]: Timing info for model.dagster_dbt.snowflake_connect (execute): 13:36:39.039764 => 13:36:39.039764
[0m13:36:39.039764 [debug] [Thread-1 (]: Finished running node model.dagster_dbt.snowflake_connect
[0m13:36:39.039764 [debug] [Thread-1 (]: Began running node model.dagster_dbt.my_second_dbt_model
[0m13:36:39.055394 [debug] [Thread-1 (]: Re-using an available connection from the pool (formerly model.dagster_dbt.snowflake_connect, now model.dagster_dbt.my_second_dbt_model)
[0m13:36:39.055394 [debug] [Thread-1 (]: Began compiling node model.dagster_dbt.my_second_dbt_model
[0m13:36:39.071030 [debug] [Thread-1 (]: Writing injected SQL for node "model.dagster_dbt.my_second_dbt_model"
[0m13:36:39.071030 [debug] [Thread-1 (]: Timing info for model.dagster_dbt.my_second_dbt_model (compile): 13:36:39.055394 => 13:36:39.071030
[0m13:36:39.086645 [debug] [Thread-1 (]: Began executing node model.dagster_dbt.my_second_dbt_model
[0m13:36:39.086645 [debug] [Thread-1 (]: Timing info for model.dagster_dbt.my_second_dbt_model (execute): 13:36:39.086645 => 13:36:39.086645
[0m13:36:39.086645 [debug] [Thread-1 (]: Finished running node model.dagster_dbt.my_second_dbt_model
[0m13:36:39.086645 [debug] [Thread-1 (]: Began running node model.dagster_dbt.my_fourth_dbt_model
[0m13:36:39.086645 [debug] [Thread-1 (]: Re-using an available connection from the pool (formerly model.dagster_dbt.my_second_dbt_model, now model.dagster_dbt.my_fourth_dbt_model)
[0m13:36:39.086645 [debug] [Thread-1 (]: Began compiling node model.dagster_dbt.my_fourth_dbt_model
[0m13:36:39.102268 [debug] [Thread-1 (]: Writing injected SQL for node "model.dagster_dbt.my_fourth_dbt_model"
[0m13:36:39.117895 [debug] [Thread-1 (]: Timing info for model.dagster_dbt.my_fourth_dbt_model (compile): 13:36:39.086645 => 13:36:39.117895
[0m13:36:39.117895 [debug] [Thread-1 (]: Began executing node model.dagster_dbt.my_fourth_dbt_model
[0m13:36:39.117895 [debug] [Thread-1 (]: Timing info for model.dagster_dbt.my_fourth_dbt_model (execute): 13:36:39.117895 => 13:36:39.117895
[0m13:36:39.117895 [debug] [Thread-1 (]: Finished running node model.dagster_dbt.my_fourth_dbt_model
[0m13:36:39.133515 [debug] [MainThread]: Connection 'master' was properly closed.
[0m13:36:39.133515 [debug] [MainThread]: Connection 'list_EDP_INFRA_SANDBOX_DB_PUBLIC' was properly closed.
[0m13:36:39.133515 [debug] [MainThread]: Connection 'model.dagster_dbt.my_fourth_dbt_model' was properly closed.
[0m13:36:39.133515 [debug] [MainThread]: Command end result
[0m13:36:39.164882 [debug] [MainThread]: Command `dbt compile` succeeded at 13:36:39.164882 after 8.16 seconds
[0m13:36:39.164882 [debug] [MainThread]: Sending event: {'category': 'dbt', 'action': 'invocation', 'label': 'end', 'context': [<snowplow_tracker.self_describing_json.SelfDescribingJson object at 0x0000016836AE2F20>, <snowplow_tracker.self_describing_json.SelfDescribingJson object at 0x00000168394BE2C0>, <snowplow_tracker.self_describing_json.SelfDescribingJson object at 0x0000016839EA3CD0>]}
[0m13:36:39.196119 [debug] [MainThread]: Flushing usage events
